Breviolum psygmophilum Culture Thermal Stress Sequence Processing

# This document details the analysis of TagSeq from the Symbioiniaceae culture part of the host buffering experiments
# These experiments were run by Alexa Huzar in Fall 2020.

#------------------------------GET DATA FROM ILLUMINA BASE SPACE

module load basespace-cli
bs download project -i 236499269 -o .

# Working directory for this project
[haich@scc1 sym_ge]$ pwd
/projectnb/davies-hb/hannah/sym_ge

# Organizing files
[haich@scc1 sym_ge]$ cat cp_files 
#!/bin/bash
#$ -V # inherit the submission environment
#$ -cwd # start job in submission directory
#$ -N cp_files # job name, anything you want
#$ -l h_rt=24:00:00 #maximum run time
#$ -M hannahaichelman@gmail.com #your email
#$ -m be

cp SA21045-Control_3_L002_ds.d5a888381a0f4cef84afe6869d919413/Control-3_S183_L002_R1_001.fastq.gz ./fastqs/
cp SA21045-Heat_1_1_L001_ds.300c755dfa374d049c6d661ebde5d9a8/Heat-1-1_S193_L001_R1_001.fastq.gz ./fastqs/
cp SA21045-Control_3_L001_ds.3c6cba9cc60544018065f90a47cb65ef/Control-3_S183_L001_R1_001.fastq.gz ./fastqs/
cp SA21045-Heat_4_L001_ds.10d60047634141d2aab0fba03b09d100/Heat-4_S192_L001_R1_001.fastq.gz ./fastqs/
cp SA21045-Heat_2_1_L002_ds.6e358644e1b5434c895fde73fd283afa/Heat-2-1_S190_L002_R1_001.fastq.gz ./fastqs/
cp SA21045-Cool_4_L002_ds.4d986cbbf3794533b83ec9f7412401e5/Cool-4_S177_L002_R1_001.fastq.gz ./fastqs/
cp SA21045-Heat_2_L002_ds.fbc80a8c83384d81a893e3d2614edcf0/Heat-2_S194_L002_R1_001.fastq.gz ./fastqs/
cp SA21045-Control_2_L002_ds.ee8a3efa24d84d78be422955c6d2149e/Control-2_S182_L002_R1_001.fastq.gz ./fastqs/
cp SA21045-Control_1_1_L001_ds.0c0b518ecb6a4aabb19153f571d7bb90/Control-1-1_S185_L001_R1_001.fastq.gz ./fastqs/
cp SA21045-Cool_4_L001_ds.b0e51ac8637a4424b4e74d0c44f7fd8b/Cool-4_S177_L001_R1_001.fastq.gz ./fastqs/
cp SA21045-Heat_3_L002_ds.d37be2adeef349c5ac5e2bd74e6dd658/Heat-3_S191_L002_R1_001.fastq.gz ./fastqs/
cp SA21045-Control_1_L001_ds.98c6a8e32b914f75a4957b285de39cad/Control-1_S181_L001_R1_001.fastq.gz ./fastqs/
cp SA21045-Heat_2_1_L001_ds.cbd3e708c05a4bf09cc2c6179ba7175d/Heat-2-1_S190_L001_R1_001.fastq.gz ./fastqs/
cp SA21045-Control_4_1_L002_ds.377a319a409643d481cd018c4174a9cb/Control-4-1_S188_L002_R1_001.fastq.gz ./fastqs/
cp SA21045-Heat_2_L001_ds.8a57eee92c05453a9f4152f66b52041e/Heat-2_S194_L001_R1_001.fastq.gz ./fastqs/
cp SA21045-Control_1_L002_ds.1b8cba1c89564f63ba3bd74d7a5b8d58/Control-1_S181_L002_R1_001.fastq.gz ./fastqs/
cp SA21045-Cool_1_L002_ds.4f8829b10dfc4a16899ad4ae2e87fb5e/Cool-1_S179_L002_R1_001.fastq.gz ./fastqs/
cp SA21045-Heat_1_L001_ds.0c645aefa1734e5488f7fc8a3a03220f/Heat-1_S189_L001_R1_001.fastq.gz ./fastqs/
cp SA21045-Cool_2_L002_ds.2978e6bbc0444b37801bded4e7f6eaa1/Cool-2_S180_L002_R1_001.fastq.gz ./fastqs/
cp SA21045-Cool_3_L002_ds.b1c5dbba575847fb93bfb951b08b50d4/Cool-3_S178_L002_R1_001.fastq.gz ./fastqs/
cp SA21045-Control_4_1_L001_ds.65358b460f0c4a0fb15fb0305e309531/Control-4-1_S188_L001_R1_001.fastq.gz ./fastqs/
cp SA21045-Heat_3_1_L001_ds.5e03717ab9e940bebf49662203498e7a/Heat-3-1_S195_L001_R1_001.fastq.gz ./fastqs/
cp SA21045-Control_4_L002_ds.c09e7cd249a74e479de58690ec9d2f97/Control-4_S184_L002_R1_001.fastq.gz ./fastqs/
cp SA21045-Heat_3_1_L002_ds.3147a2560eee4894b3db405cfd520f88/Heat-3-1_S195_L002_R1_001.fastq.gz ./fastqs/
cp SA21045-Heat_4_1_L001_ds.0b2e3d3936c04819863ad4457a32ca5a/Heat-4-1_S196_L001_R1_001.fastq.gz ./fastqs/
cp SA21045-Heat_1_L002_ds.cef8b251a11f46c1bed75b41f64b5531/Heat-1_S189_L002_R1_001.fastq.gz ./fastqs/
cp SA21045-Heat_3_L001_ds.8df526fc8f934e31906de3015518a6ec/Heat-3_S191_L001_R1_001.fastq.gz ./fastqs/
cp SA21045-Control_1_1_L002_ds.8befcac3a67240f5880d435136394239/Control-1-1_S185_L002_R1_001.fastq.gz ./fastqs/
cp SA21045-Control_3_1_L001_ds.bdc38cd1f5284154b1c9714009bd1346/Control-3-1_S187_L001_R1_001.fastq.gz ./fastqs/
cp SA21045-Cool_2_L001_ds.a0ce001d81e447098c450a5c2666f9c9/Cool-2_S180_L001_R1_001.fastq.gz ./fastqs/
cp SA21045-Cool_3_L001_ds.66ca99ad85a640239812ad0f9ccacc26/Cool-3_S178_L001_R1_001.fastq.gz ./fastqs/
cp SA21045-Heat_4_L002_ds.20c066cbb5cb4530b0353baa4b133ecd/Heat-4_S192_L002_R1_001.fastq.gz ./fastqs/
cp SA21045-Cool_1_L001_ds.b0075a90c3f3445e912c3485e2724f51/Cool-1_S179_L001_R1_001.fastq.gz ./fastqs/
cp SA21045-Control_2_1_L001_ds.96e8caae537a40988f0b674477d34752/Control-2-1_S186_L001_R1_001.fastq.gz ./fastqs/
cp SA21045-Control_3_1_L002_ds.9f7bd994e029401ab3028e2778f78d36/Control-3-1_S187_L002_R1_001.fastq.gz ./fastqs/
cp SA21045-Control_2_L001_ds.ce53adf5219e44a8ad76824b1018d931/Control-2_S182_L001_R1_001.fastq.gz ./fastqs/
cp SA21045-Control_4_L001_ds.899bad38011f494e9d18181d2f0e8ab3/Control-4_S184_L001_R1_001.fastq.gz ./fastqs/
cp SA21045-Heat_1_1_L002_ds.1153dbeda21348e689737f82141010ee/Heat-1-1_S193_L002_R1_001.fastq.gz ./fastqs/
cp SA21045-Heat_4_1_L002_ds.d7afb3d735b2483f82fae35953bb4d59/Heat-4-1_S196_L002_R1_001.fastq.gz ./fastqs/
cp SA21045-Control_2_1_L002_ds.06acc44686b64b51bbb9ef6835e57c2e/Control-2-1_S186_L002_R1_001.fastq.gz ./fastqs/


# unzip files
[haich@scc1 fastqs]$ pwd
/projectnb/davies-hb/hannah/sym_ge/fastqs

[haich@scc1 fastqs]$ nano gunzip_files 

#!/bin/bash
#$ -V # inherit the submission environment
#$ -cwd # start job in submission directory
#$ -N gunzip # job name, anything you want
#$ -l h_rt=24:00:00 #maximum run time
#$ -M hannahaichelman@gmail.com #your email
#$ -m be

gunzip *.gz


#------------------------------BACKING UP DATA
tarball'd the back-up files in case something goes wrong 

[haich@scc1 sym_ge]$ pwd
/projectnb/davies-hb/hannah/sym_ge

[haich@scc1 sym_ge]$ mkdir sym_ge_backup
[haich@scc1 sym_ge]$ mv SA* sym_ge_backup/
[haich@scc1 sym_ge]$ mv JA21018_236499269.json sym_ge_backup/

[haich@scc1 sym_ge]$ tar -zcvf sym_ge_backup.tar.gz sym_ge_backup/


#----------------------------- CAT DIFFERENT LANE FILES
[haich@scc1 fastqs]$ pwd
/projectnb/davies-hb/hannah/sym_ge/fastqs


#!/bin/bash
#$ -V # inherit the submission environment
#$ -cwd # start job in submission directory
#$ -N cat_files # job name, anything you want
#$ -l h_rt=24:00:00 #maximum run time
#$ -M hannahaichelman@gmail.com #your email
#$ -m be
cat Control-1-1_S185_L001_R1_001.fastq Control-1-1_S185_L002_R1_001.fastq > Culture_Control-1-1.fastq
cat Control-1_S181_L001_R1_001.fastq Control-1_S181_L002_R1_001.fastq > Culture_Control-1.fastq
cat Control-2-1_S186_L001_R1_001.fastq Control-2-1_S186_L002_R1_001.fastq > Culture_Control-2-1.fastq
cat Control-2_S182_L001_R1_001.fastq Control-2_S182_L002_R1_001.fastq > Culture_Control-2.fastq
cat Control-3-1_S187_L001_R1_001.fastq Control-3-1_S187_L002_R1_001.fastq > Culture_Control-3-1.fastq
cat Control-3_S183_L001_R1_001.fastq Control-3_S183_L002_R1_001.fastq > Culture_Control-3.fastq
cat Control-4-1_S188_L001_R1_001.fastq Control-4-1_S188_L002_R1_001.fastq > Culture_Control-4-1.fastq
cat Control-4_S184_L001_R1_001.fastq Control-4_S184_L002_R1_001.fastq > Culture_Control-4.fastq
cat Cool-1_S179_L001_R1_001.fastq Cool-1_S179_L002_R1_001.fastq > Culture_Cool-1.fastq
cat Cool-2_S180_L001_R1_001.fastq Cool-2_S180_L002_R1_001.fastq > Culture_Cool-2.fastq
cat Cool-3_S178_L001_R1_001.fastq Cool-3_S178_L002_R1_001.fastq > Culture_Cool-3.fastq
cat Cool-4_S177_L001_R1_001.fastq Cool-4_S177_L002_R1_001.fastq > Culture_Cool-4.fastq
cat Heat-1-1_S193_L001_R1_001.fastq Heat-1-1_S193_L002_R1_001.fastq > Culture_Heat-1-1.fastq
cat Heat-1_S189_L001_R1_001.fastq Heat-1_S189_L002_R1_001.fastq > Culture_Heat-1.fastq
cat Heat-2-1_S190_L001_R1_001.fastq Heat-2-1_S190_L002_R1_001.fastq > Culture_Heat-2-1.fastq
cat Heat-2_S194_L001_R1_001.fastq Heat-2_S194_L002_R1_001.fastq > Culture_Heat-2.fastq
cat Heat-3-1_S195_L001_R1_001.fastq Heat-3-1_S195_L002_R1_001.fastq > Culture_Heat-3-1.fastq
cat Heat-3_S191_L001_R1_001.fastq Heat-3_S191_L002_R1_001.fastq > Culture_Heat-3.fastq
cat Heat-4-1_S196_L001_R1_001.fastq Heat-4-1_S196_L002_R1_001.fastq > Culture_Heat-4-1.fastq
cat Heat-4_S192_L001_R1_001.fastq Heat-4_S192_L002_R1_001.fastq > Culture_Heat-4.fastq


# Made a folder called original_files and moved all of the original fastq's there. 
# Kept re-named and cat'd folders here:
/projectnb/davies-hb/hannah/sym_ge/fastqs


#------------------------------TRIMMING FILES
[haich@scc1 fastqs]$ pwd
/projectnb/davies-hb/hannah/sym_ge/fastqs

# make sure to cp tagseq_trim_launch.pl into the working directory 

/projectnb/davies-hb/hannah/MPCC_2018/tag-based_RNAseq-master/tagseq_trim_launch.pl '\.fastq$' > clean

scc6_qsub_launcher.py -N trim -P coral -jobsfile clean

qsub trim_array.qsub 

# cat'd all of the trim output into a single file, deleted the individual files
cat trim.o* > trim.o.all
rm -f trim.o5*

# now moving to Alexa's working directory for remaining analyses

#----------------------------WHAT YOU NEED FROM ALEXA'S WORKING DIRECTORY
Originals directory
Transcriptome directory
cp_files
unzip_gz
cat_files
maps
tagseq_trim_launch.pl 
tagseq_clipper.pl 
scc6_qsub_launcher.py
tagseq_bowtie2map.pl
samcount_launch_bt2.pl
samcount.pl
expression_compiler.pl

#----------------------------COPY FASTQ FILES FROM HANNAH'S TO MY DIRECTORY
[ahuzar@scc1 alexa_working]$ pwd
/projectnb/davies-hb/alexa_working
[ahuzar@scc1 sym_fastqs]$ nano cp_files

# nano cp_files script
#!/bin/bash
#$ -V # inherit the submission environment
#$ -cwd # start job in submission directory
#$ -N cp_files # job name, anything you want
#$ -l h_rt=24:00:00 #maximum run time
#$ -M ahuzar@bu.edu #your email
#$ -m be
cp /projectnb/davies-hb/hannah/sym_ge/fastqs/*.gz .

[ahuzar@scc1 sym_fastqs]$ qsub cp_files

#--------------------------------UNZIP GZ FILES
[ahuzar@scc1 sym_fastqs]$ pwd
/projectnb/davies-hb/alexa_working/sym_fastqs

[ahuzar@scc1 sym_fastqs]$ nano unzip_gz
#!/bin/bash
#$ -V # inherit the submission environment
#$ -cwd # start job in submission directory
#$ -N cp_files # job name, anything you want
#$ -l h_rt=24:00:00 #maximum run time
#$ -M ahuzar@bu.edu #your email
#$ -m be
gunzip *.gz

[ahuzar@scc1 sym_fastqs]$ qsub unzip_gz
Your job 5445569 ("unzip_gz") has been submitted

#----------------------------- CAT DIFFERENT LANE FILES
[ahuzar@scc1 sym_fastqs]$ nano cat_files
#!/bin/bash
#$ -V # inherit the submission environment
#$ -cwd # start job in submission directory
#$ -N cat_files # job name, anything you want
#$ -l h_rt=24:00:00 #maximum run time
#$ -M ahuzar@bu.edu #your email
#$ -m be
cat Control-1-1_S185_L001_R1_001.fastq Control-1-1_S185_L002_R1_001.fastq > Control-1-1.fastq
cat Control-1_S181_L001_R1_001.fastq Control-1_S181_L002_R1_001.fastq > Control-1.fastq
cat Control-2-1_S186_L001_R1_001.fastq Control-2-1_S186_L002_R1_001.fastq > Control-2-1.fastq
cat Control-2_S182_L001_R1_001.fastq Control-2_S182_L002_R1_001.fastq > Control-2.fastq
cat Control-3-1_S187_L001_R1_001.fastq Control-3-1_S187_L002_R1_001.fastq > Control-3-1.fastq
cat Control-3_S183_L001_R1_001.fastq Control-3_S183_L002_R1_001.fastq > Control-3.fastq
cat Control-4-1_S188_L001_R1_001.fastq Control-4-1_S188_L002_R1_001.fastq > Control-4-1.fastq
cat Control-4_S184_L001_R1_001.fastq Control-4_S184_L002_R1_001.fastq > Control-4.fastq
cat Cool-1_S179_L001_R1_001.fastq Cool-1_S179_L002_R1_001.fastq > Cool-1.fastq
cat Cool-2_S180_L001_R1_001.fastq Cool-2_S180_L002_R1_001.fastq > Cool-2.fastq
cat Cool-3_S178_L001_R1_001.fastq Cool-3_S178_L002_R1_001.fastq > Cool-3.fastq
cat Cool-4_S177_L001_R1_001.fastq Cool-4_S177_L002_R1_001.fastq > Cool-4.fastq
cat Heat-1-1_S193_L001_R1_001.fastq Heat-1-1_S193_L002_R1_001.fastq > Heat-1-1.fastq
cat Heat-1_S189_L001_R1_001.fastq Heat-1_S189_L002_R1_001.fastq > Heat-1.fastq
cat Heat-2-1_S190_L001_R1_001.fastq Heat-2-1_S190_L002_R1_001.fastq > Heat-2-1.fastq
cat Heat-2_S194_L001_R1_001.fastq Heat-2_S194_L002_R1_001.fastq > Heat-2.fastq
cat Heat-3-1_S195_L001_R1_001.fastq Heat-3-1_S195_L002_R1_001.fastq > Heat-3-1.fastq
cat Heat-3_S191_L001_R1_001.fastq Heat-3_S191_L002_R1_001.fastq > Heat-3.fastq
cat Heat-4-1_S196_L001_R1_001.fastq Heat-4-1_S196_L002_R1_001.fastq > Heat-4-1.fastq
cat Heat-4_S192_L001_R1_001.fastq Heat-4_S192_L002_R1_001.fastq > Heat-4.fastq

[ahuzar@scc1 sym_fastqs]$ qsub cat_files
Your job 5445665 ("cat_files") has been submitted

###Move orinigal files to new separate directory
[ahuzar@scc1 sym_fastqs]$ mkdir Originals
[ahuzar@scc1 sym_fastqs]$ mv *L001*.fastq /projectnb/davies-hb/alexa_working/sym_fastqs/Originals 
[ahuzar@scc1 sym_fastqs]$ mv *L002*.fastq /projectnb/davies-hb/alexa_working/sym_fastqs/Originals 

#------------------------------TRIMMING FILES
### First copy over required scripts from Dr. Davies' directory

[ahuzar@scc1 sym_fastqs]$ cp /projectnb/bi594/daviessw/gene_expression/data_scripts/tagseq_trim_launch.pl .
[ahuzar@scc1 sym_fastqs]$ cp /projectnb/bi594/daviessw/gene_expression/data_scripts/tagseq_clipper.pl .
[ahuzar@scc1 sym_fastqs]$ cp /projectnb/bi594/daviessw/gene_expression/data_scripts/scc6_qsub_launcher.py .

# (Assuming we have many files with extension fastq, and we have fastx_toolkit installed and working)
# adaptor trimming, deduplicating, and quality filtering:

[ahuzar@scc1 sym_fastqs]$ module load fastx-toolkit

### creating and launching the cleaning process for all files in the same time. Creates clean to perform the trimming later
tagseq_trim_launch.pl '\.fastq$' > clean

##look at what is being done in clean
##in the next steps you'll see that these commands are clipping poly A tails, Illumina adapters, short reads (<20bp) and low quality (to keep 90% of a read must be quality score >20)
[ahuzar@scc1 sym_fastqs]$ nano clean

tagseq_clipper.pl Heat-3.fastq | fastx_clipper -a AAAAAAAA -l 20 -Q33 | fastx_clipper -a AGATCGGAAG -l 20 -Q33 | fastq_quality_filter -Q33 -q 20 -p 90 >Heat-3.fas$
tagseq_clipper.pl Cool-1.fastq | fastx_clipper -a AAAAAAAA -l 20 -Q33 | fastx_clipper -a AGATCGGAAG -l 20 -Q33 | fastq_quality_filter -Q33 -q 20 -p 90 >Cool-1.fas$
tagseq_clipper.pl Control-1-1.fastq | fastx_clipper -a AAAAAAAA -l 20 -Q33 | fastx_clipper -a AGATCGGAAG -l 20 -Q33 | fastq_quality_filter -Q33 -q 20 -p 90 >Contr$
tagseq_clipper.pl Heat-1-1.fastq | fastx_clipper -a AAAAAAAA -l 20 -Q33 | fastx_clipper -a AGATCGGAAG -l 20 -Q33 | fastq_quality_filter -Q33 -q 20 -p 90 >Heat-1-1$
tagseq_clipper.pl Heat-3-1.fastq | fastx_clipper -a AAAAAAAA -l 20 -Q33 | fastx_clipper -a AGATCGGAAG -l 20 -Q33 | fastq_quality_filter -Q33 -q 20 -p 90 >Heat-3-1$
tagseq_clipper.pl Control-2.fastq | fastx_clipper -a AAAAAAAA -l 20 -Q33 | fastx_clipper -a AGATCGGAAG -l 20 -Q33 | fastq_quality_filter -Q33 -q 20 -p 90 >Control$
tagseq_clipper.pl Heat-4.fastq | fastx_clipper -a AAAAAAAA -l 20 -Q33 | fastx_clipper -a AGATCGGAAG -l 20 -Q33 | fastq_quality_filter -Q33 -q 20 -p 90 >Heat-4.fas$
tagseq_clipper.pl Control-4.fastq | fastx_clipper -a AAAAAAAA -l 20 -Q33 | fastx_clipper -a AGATCGGAAG -l 20 -Q33 | fastq_quality_filter -Q33 -q 20 -p 90 >Control$
tagseq_clipper.pl Heat-2-1.fastq | fastx_clipper -a AAAAAAAA -l 20 -Q33 | fastx_clipper -a AGATCGGAAG -l 20 -Q33 | fastq_quality_filter -Q33 -q 20 -p 90 >Heat-2-1$
tagseq_clipper.pl Control-4-1.fastq | fastx_clipper -a AAAAAAAA -l 20 -Q33 | fastx_clipper -a AGATCGGAAG -l 20 -Q33 | fastq_quality_filter -Q33 -q 20 -p 90 >Contr$
tagseq_clipper.pl Control-3.fastq | fastx_clipper -a AAAAAAAA -l 20 -Q33 | fastx_clipper -a AGATCGGAAG -l 20 -Q33 | fastq_quality_filter -Q33 -q 20 -p 90 >Control$
tagseq_clipper.pl Control-1.fastq | fastx_clipper -a AAAAAAAA -l 20 -Q33 | fastx_clipper -a AGATCGGAAG -l 20 -Q33 | fastq_quality_filter -Q33 -q 20 -p 90 >Control$
tagseq_clipper.pl Cool-4.fastq | fastx_clipper -a AAAAAAAA -l 20 -Q33 | fastx_clipper -a AGATCGGAAG -l 20 -Q33 | fastq_quality_filter -Q33 -q 20 -p 90 >Cool-4.fas$
tagseq_clipper.pl Control-2-1.fastq | fastx_clipper -a AAAAAAAA -l 20 -Q33 | fastx_clipper -a AGATCGGAAG -l 20 -Q33 | fastq_quality_filter -Q33 -q 20 -p 90 >Contr$
tagseq_clipper.pl Cool-3.fastq | fastx_clipper -a AAAAAAAA -l 20 -Q33 | fastx_clipper -a AGATCGGAAG -l 20 -Q33 | fastq_quality_filter -Q33 -q 20 -p 90 >Cool-3.fas$
tagseq_clipper.pl Heat-2.fastq | fastx_clipper -a AAAAAAAA -l 20 -Q33 | fastx_clipper -a AGATCGGAAG -l 20 -Q33 | fastq_quality_filter -Q33 -q 20 -p 90 >Heat-2.fas$
tagseq_clipper.pl Heat-4-1.fastq | fastx_clipper -a AAAAAAAA -l 20 -Q33 | fastx_clipper -a AGATCGGAAG -l 20 -Q33 | fastq_quality_filter -Q33 -q 20 -p 90 >Heat-4-1$
tagseq_clipper.pl Heat-1.fastq | fastx_clipper -a AAAAAAAA -l 20 -Q33 | fastx_clipper -a AGATCGGAAG -l 20 -Q33 | fastq_quality_filter -Q33 -q 20 -p 90 >Heat-1.fas$
tagseq_clipper.pl Control-3-1.fastq | fastx_clipper -a AAAAAAAA -l 20 -Q33 | fastx_clipper -a AGATCGGAAG -l 20 -Q33 | fastq_quality_filter -Q33 -q 20 -p 90 >Contr$
tagseq_clipper.pl Cool-2.fastq | fastx_clipper -a AAAAAAAA -l 20 -Q33 | fastx_clipper -a AGATCGGAAG -l 20 -Q33 | fastq_quality_filter -Q33 -q 20 -p 90 >Cool-2.fas$


#you'll see that this is where we are removing PCR duplicates that were generated during library preparation. 

[ahuzar@scc1 sym_fastqs]$ nano tagseq_clipper.pl
#!/usr/bin/perl
$usage= "
tagseq_clipper.pl  :
Clips 5'-leader off Illumina fastq reads in RNA-seq
Removes duplicated reads sharing the same degenerate header and
the first 20 bases of the sequence (reads containing N bases in this
region are discarded, too)
prints to STDOUT
arguments:
1 : fastq file name
2 : string to define the leading sequence, default '[ATGC]?[ATGC][AC][AT]GGG+|[ATGC]?[ATGC]TGC[AC][AT]GGG+|[ATGC]?[ATGC]GC[AT]TC[ACT][AC][AT]GGG+'
'keep' : optional flag to say whether the sequences without leader should be kept.
                 By default, they are discarded.
Example:
tagseq_clipper.pl D6.fastq
";
my $fq=shift or die $usage;
my $lead="";
my $keep=0;



### Now execute all commands written to file 'clean', preferably in array format. P refers to the project the job is allocated to

[ahuzar@scc1 sym_fastqs]$ scc6_qsub_launcher.py -N trim -P bi594 -jobsfile clean
##this creates a job file called trim_array.qsub which we then have to run to actually trim all the files. Also should create trim_array_commands.txt

###Now we run the job that the above code line created
[ahuzar@scc1 sym_fastqs]$ qsub trim_array.qsub
Your job-array 5446066.1-20:1 ("trim") has been submitted

#let's see what is happening on the cluster. Status report of the job
qstat -u ahuzar

#When the job is done, have a look in the trim.e* file
Example of a trim file output. N in header are ones removed because there are N bases in the first 20 bases of the region. Remove duplicated reads with same degenerate header
[ahuzar@scc1 sym_fastqs]$ cat trim.o5446066.1
Heat-3.fastq    total:6055500   goods:2168151   dups:3122575    noheader:764386 N.in.header:388
##this has all of the info for trimming. You'll see many sequences are PCR duplicates because this is TagSeq data and remember that we incorporated the degenerate bases into the cDNA synthesis. 


#---------------------------------------Making the mapping database for your reference transcriptome
# download and format reference transcriptome:

### Hannah ran the bowtie2 step in her directory to create the bowtie2 index for the reference

[haich@scc1 B_psygmophilum_transcriptome]$ pwd
/projectnb/davies-hb/hannah/MPCC_2018/Oculina/ref/B_psygmophilum_transcriptome

[haich@scc1 B_psygmophilum_transcriptome]$ bowtie2-build B_psygmophilum_transcriptome.fasta B_psygmophilum_transcriptome.fasta

### I loaded in bowtie2 and copied over the reference
[ahuzar@scc1 sym_fastqs]$ pwd
/projectnb/davies-hb/alexa_working/sym_fastqs
[ahuzar@scc1 sym_fastqs]$ module load bowtie2

[ahuzar@scc1 sym_fastqs]$ qsub cp_files
nano cp_files
#!/bin/bash
#$ -V # inherit the submission environment
#$ -cwd # start job in submission directory
#$ -N cp_files # job name, anything you want
#$ -l h_rt=24:00:00 #maximum run time
#$ -M ahuzar@bu.edu #your email
#$ -m be
cp /projectnb/davies-hb/hannah/MPCC_2018/Oculina/ref/B_psygmophilum_transcriptome/*.fasta* .

#---------------------------------------Mapping reads to reference transcriptome

# cd where the trimmed read files are (extension "trim")
[ahuzar@scc1 sym_fastqs]$ pwd
/projectnb/davies-hb/alexa_working/sym_fastqs

### copy over script from Dr. Davies
[ahuzar@scc1 sym_fastqs]$ cp /projectnb/bi594/daviessw/gene_expression/data_scripts/tagseq_bowtie2map.pl .

[ahuzar@scc1 sym_fastqs]$ tagseq_bowtie2map.pl "trim$" B_psygmophilum_transcriptome.fasta  > maps
[ahuzar@scc1 sym_fastqs]$ nano maps
bowtie2 --local -x B_psygmophilum_transcriptome.fasta -U Control-2-1.fastq.trim -S Control-2-1.fastq.trim.sam --no-hd --no-sq --no-unal -k 5
bowtie2 --local -x B_psygmophilum_transcriptome.fasta -U Heat-1-1.fastq.trim -S Heat-1-1.fastq.trim.sam --no-hd --no-sq --no-unal -k 5
bowtie2 --local -x B_psygmophilum_transcriptome.fasta -U Heat-4-1.fastq.trim -S Heat-4-1.fastq.trim.sam --no-hd --no-sq --no-unal -k 5
bowtie2 --local -x B_psygmophilum_transcriptome.fasta -U Heat-2-1.fastq.trim -S Heat-2-1.fastq.trim.sam --no-hd --no-sq --no-unal -k 5
bowtie2 --local -x B_psygmophilum_transcriptome.fasta -U Control-2.fastq.trim -S Control-2.fastq.trim.sam --no-hd --no-sq --no-unal -k 5
bowtie2 --local -x B_psygmophilum_transcriptome.fasta -U Control-3-1.fastq.trim -S Control-3-1.fastq.trim.sam --no-hd --no-sq --no-unal -k 5
bowtie2 --local -x B_psygmophilum_transcriptome.fasta -U Control-3.fastq.trim -S Control-3.fastq.trim.sam --no-hd --no-sq --no-unal -k 5
bowtie2 --local -x B_psygmophilum_transcriptome.fasta -U Control-4-1.fastq.trim -S Control-4-1.fastq.trim.sam --no-hd --no-sq --no-unal -k 5
bowtie2 --local -x B_psygmophilum_transcriptome.fasta -U Control-1-1.fastq.trim -S Control-1-1.fastq.trim.sam --no-hd --no-sq --no-unal -k 5
bowtie2 --local -x B_psygmophilum_transcriptome.fasta -U Control-1.fastq.trim -S Control-1.fastq.trim.sam --no-hd --no-sq --no-unal -k 5
bowtie2 --local -x B_psygmophilum_transcriptome.fasta -U Heat-3.fastq.trim -S Heat-3.fastq.trim.sam --no-hd --no-sq --no-unal -k 5
bowtie2 --local -x B_psygmophilum_transcriptome.fasta -U Cool-4.fastq.trim -S Cool-4.fastq.trim.sam --no-hd --no-sq --no-unal -k 5
bowtie2 --local -x B_psygmophilum_transcriptome.fasta -U Cool-1.fastq.trim -S Cool-1.fastq.trim.sam --no-hd --no-sq --no-unal -k 5
bowtie2 --local -x B_psygmophilum_transcriptome.fasta -U Control-4.fastq.trim -S Control-4.fastq.trim.sam --no-hd --no-sq --no-unal -k 5
bowtie2 --local -x B_psygmophilum_transcriptome.fasta -U Cool-2.fastq.trim -S Cool-2.fastq.trim.sam --no-hd --no-sq --no-unal -k 5
bowtie2 --local -x B_psygmophilum_transcriptome.fasta -U Heat-4.fastq.trim -S Heat-4.fastq.trim.sam --no-hd --no-sq --no-unal -k 5
bowtie2 --local -x B_psygmophilum_transcriptome.fasta -U Cool-3.fastq.trim -S Cool-3.fastq.trim.sam --no-hd --no-sq --no-unal -k 5
bowtie2 --local -x B_psygmophilum_transcriptome.fasta -U Heat-3-1.fastq.trim -S Heat-3-1.fastq.trim.sam --no-hd --no-sq --no-unal -k 5
bowtie2 --local -x B_psygmophilum_transcriptome.fasta -U Heat-1.fastq.trim -S Heat-1.fastq.trim.sam --no-hd --no-sq --no-unal -k 5
bowtie2 --local -x B_psygmophilum_transcriptome.fasta -U Heat-2.fastq.trim -S Heat-2.fastq.trim.sam --no-hd --no-sq --no-unal -k 5

### the qsub_launcher.py did not run 
(scc6_qsub_launcher.py -N maps -P bi594 -jobsfile maps
qsub maps_array.qsub
#this should create a maps.array.qsub and a maps_array_commands.txt files)
bash: ./scc6_qsub_launcher.py: /share/pkg/python/3.6.4/install/bin/python3.6: bad interpreter: No such file or directory

### Ran it the old school way instead
nano qsub_maps
#!/bin/bash
#$ -V # inherit the submission environment
#$ -cwd # start job in submission directory
#$ -N qsub_maps # job name, anything you want
#$ -l h_rt=24:00:00 #maximum run time
#$ -M ahuzar@bu.edu #your email
#$ -m be
bowtie2 --local -x B_psygmophilum_transcriptome.fasta -U Control-2-1.fastq.trim -S Control-2-1.fastq.trim.sam --no-hd --no-sq --no-unal -k 5
bowtie2 --local -x B_psygmophilum_transcriptome.fasta -U Heat-1-1.fastq.trim -S Heat-1-1.fastq.trim.sam --no-hd --no-sq --no-unal -k 5
bowtie2 --local -x B_psygmophilum_transcriptome.fasta -U Heat-4-1.fastq.trim -S Heat-4-1.fastq.trim.sam --no-hd --no-sq --no-unal -k 5
bowtie2 --local -x B_psygmophilum_transcriptome.fasta -U Heat-2-1.fastq.trim -S Heat-2-1.fastq.trim.sam --no-hd --no-sq --no-unal -k 5
bowtie2 --local -x B_psygmophilum_transcriptome.fasta -U Control-2.fastq.trim -S Control-2.fastq.trim.sam --no-hd --no-sq --no-unal -k 5
bowtie2 --local -x B_psygmophilum_transcriptome.fasta -U Control-3-1.fastq.trim -S Control-3-1.fastq.trim.sam --no-hd --no-sq --no-unal -k 5
bowtie2 --local -x B_psygmophilum_transcriptome.fasta -U Control-3.fastq.trim -S Control-3.fastq.trim.sam --no-hd --no-sq --no-unal -k 5
bowtie2 --local -x B_psygmophilum_transcriptome.fasta -U Control-4-1.fastq.trim -S Control-4-1.fastq.trim.sam --no-hd --no-sq --no-unal -k 5
bowtie2 --local -x B_psygmophilum_transcriptome.fasta -U Control-1-1.fastq.trim -S Control-1-1.fastq.trim.sam --no-hd --no-sq --no-unal -k 5
bowtie2 --local -x B_psygmophilum_transcriptome.fasta -U Control-1.fastq.trim -S Control-1.fastq.trim.sam --no-hd --no-sq --no-unal -k 5
bowtie2 --local -x B_psygmophilum_transcriptome.fasta -U Heat-3.fastq.trim -S Heat-3.fastq.trim.sam --no-hd --no-sq --no-unal -k 5
bowtie2 --local -x B_psygmophilum_transcriptome.fasta -U Cool-4.fastq.trim -S Cool-4.fastq.trim.sam --no-hd --no-sq --no-unal -k 5
bowtie2 --local -x B_psygmophilum_transcriptome.fasta -U Cool-1.fastq.trim -S Cool-1.fastq.trim.sam --no-hd --no-sq --no-unal -k 5
bowtie2 --local -x B_psygmophilum_transcriptome.fasta -U Control-4.fastq.trim -S Control-4.fastq.trim.sam --no-hd --no-sq --no-unal -k 5
bowtie2 --local -x B_psygmophilum_transcriptome.fasta -U Cool-2.fastq.trim -S Cool-2.fastq.trim.sam --no-hd --no-sq --no-unal -k 5
bowtie2 --local -x B_psygmophilum_transcriptome.fasta -U Heat-4.fastq.trim -S Heat-4.fastq.trim.sam --no-hd --no-sq --no-unal -k 5
bowtie2 --local -x B_psygmophilum_transcriptome.fasta -U Cool-3.fastq.trim -S Cool-3.fastq.trim.sam --no-hd --no-sq --no-unal -k 5
bowtie2 --local -x B_psygmophilum_transcriptome.fasta -U Heat-3-1.fastq.trim -S Heat-3-1.fastq.trim.sam --no-hd --no-sq --no-unal -k 5
bowtie2 --local -x B_psygmophilum_transcriptome.fasta -U Heat-1.fastq.trim -S Heat-1.fastq.trim.sam --no-hd --no-sq --no-unal -k 5
bowtie2 --local -x B_psygmophilum_transcriptome.fasta -U Heat-2.fastq.trim -S Heat-2.fastq.trim.sam --no-hd --no-sq --no-unal -k 5

[ahuzar@scc1 sym_fastqs]$ qsub qsub_maps


### now you have individual sam files for each trimmed files

# alignment rates:
nano qsub_maps.e(tab complete)
  3055167 (100.00%) were unpaired; of these:
    1766114 (57.81%) aligned 0 times
    1032055 (33.78%) aligned exactly 1 time
    256998 (8.41%) aligned >1 times
42.19% overall alignment rate
2403966 reads; of these:
  2403966 (100.00%) were unpaired; of these:
    1295727 (53.90%) aligned 0 times
    887841 (36.93%) aligned exactly 1 time
    220398 (9.17%) aligned >1 times
46.10% overall alignment rate
2685971 reads; of these:
  2685971 (100.00%) were unpaired; of these:
    1446090 (53.84%) aligned 0 times
    1006165 (37.46%) aligned exactly 1 time
    233716 (8.70%) aligned >1 times
46.16% overall alignment rate
2410469 reads; of these:
  2410469 (100.00%) were unpaired; of these:
    1381824 (57.33%) aligned 0 times
    830809 (34.47%) aligned exactly 1 time
    197836 (8.21%) aligned >1 times
42.67% overall alignment rate
2183644 reads; of these:
  2183644 (100.00%) were unpaired; of these:
    1340030 (61.37%) aligned 0 times
    668422 (30.61%) aligned exactly 1 time
    175192 (8.02%) aligned >1 times
38.63% overall alignment rate
2484110 reads; of these:
  2484110 (100.00%) were unpaired; of these:
    1508007 (60.71%) aligned 0 times
    777245 (31.29%) aligned exactly 1 time
    198858 (8.01%) aligned >1 times
39.29% overall alignment rate
1535150 reads; of these:
  1535150 (100.00%) were unpaired; of these:
    937696 (61.08%) aligned 0 times
    474485 (30.91%) aligned exactly 1 time
    122969 (8.01%) aligned >1 times
38.92% overall alignment rate
2063993 reads; of these:
  2063993 (100.00%) were unpaired; of these:
    1299778 (62.97%) aligned 0 times
    610653 (29.59%) aligned exactly 1 time
    153562 (7.44%) aligned >1 times
37.03% overall alignment rate
3136452 reads; of these:
  3136452 (100.00%) were unpaired; of these:
    1788586 (57.03%) aligned 0 times
    1077887 (34.37%) aligned exactly 1 time
    269979 (8.61%) aligned >1 times
42.97% overall alignment rate
3032767 reads; of these:
  3032767 (100.00%) were unpaired; of these:
    1714271 (56.52%) aligned 0 times
    1056244 (34.83%) aligned exactly 1 time
    262252 (8.65%) aligned >1 times
43.48% overall alignment rate
1675685 reads; of these:
  1675685 (100.00%) were unpaired; of these:
    1041523 (62.16%) aligned 0 times
    512730 (30.60%) aligned exactly 1 time
    121432 (7.25%) aligned >1 times
37.84% overall alignment rate
2612577 reads; of these:
  2612577 (100.00%) were unpaired; of these:
    1373378 (52.57%) aligned 0 times
    1015311 (38.86%) aligned exactly 1 time
    223888 (8.57%) aligned >1 times
47.43% overall alignment rate
1387105 reads; of these:
  1387105 (100.00%) were unpaired; of these:
    877622 (63.27%) aligned 0 times
    422413 (30.45%) aligned exactly 1 time
    87070 (6.28%) aligned >1 times
36.73% overall alignment rate
1803801 reads; of these:
  1803801 (100.00%) were unpaired; of these:
    1171556 (64.95%) aligned 0 times
    505631 (28.03%) aligned exactly 1 time
    126614 (7.02%) aligned >1 times
35.05% overall alignment rate
1811101 reads; of these:
  1811101 (100.00%) were unpaired; of these:
    1064221 (58.76%) aligned 0 times
    611776 (33.78%) aligned exactly 1 time
    135104 (7.46%) aligned >1 times
41.24% overall alignment rate
1899847 reads; of these:
  1899847 (100.00%) were unpaired; of these:
    1183723 (62.31%) aligned 0 times
    580844 (30.57%) aligned exactly 1 time
    135280 (7.12%) aligned >1 times
37.69% overall alignment rate
2574974 reads; of these:
  2574974 (100.00%) were unpaired; of these:
    1405044 (54.57%) aligned 0 times
    968135 (37.60%) aligned exactly 1 time
    201795 (7.84%) aligned >1 times
45.43% overall alignment rate
2657267 reads; of these:
  2657267 (100.00%) were unpaired; of these:
    1448899 (54.53%) aligned 0 times

#---------------------------------------Generating read-counts-per gene 

# NOTE: Must have a tab-delimited file giving correspondence between contigs in the transcriptome fasta file and genes. Typically, each gene is represented by several contigs in the transcriptome. 
head B_psygmophilum_sequenceID_to_isogroup.tab

module load samtools
# counting hits per isogroup:

###First copy over the required files from Dr. Davies' directory
cp /projectnb/bi594/daviessw/gene_expression/data_scripts/samcount_launch_bt2.pl .
cp /projectnb/bi594/daviessw/gene_expression/data_scripts/samcount.pl .

samcount_launch_bt2.pl '\.sam' B_psygmophilum_sequenceID_to_isogroup.tab > sc
nano sc
#!/bin/bash
#$ -V # inherit the submission environment
#$ -cwd # start job in submission directory
#$ -N sc # job name, anything you want
#$ -l h_rt=24:00:00 #maximum run time
#$ -M ahuzar@bu.edu #your email
#$ -m be
module load samtools
samcount.pl Cool-2.fastq.trim.sam B_psygmophilum_sequenceID_to_isogroup.tab aligner=bowtie2 >Cool-2.fastq.trim.sam.counts
samcount.pl Control-4-1.fastq.trim.sam B_psygmophilum_sequenceID_to_isogroup.tab aligner=bowtie2 >Control-4-1.fastq.trim.sam.counts
samcount.pl Heat-1.fastq.trim.sam B_psygmophilum_sequenceID_to_isogroup.tab aligner=bowtie2 >Heat-1.fastq.trim.sam.counts
samcount.pl Heat-1-1.fastq.trim.sam B_psygmophilum_sequenceID_to_isogroup.tab aligner=bowtie2 >Heat-1-1.fastq.trim.sam.counts
samcount.pl Heat-2.fastq.trim.sam B_psygmophilum_sequenceID_to_isogroup.tab aligner=bowtie2 >Heat-2.fastq.trim.sam.counts
samcount.pl Cool-1.fastq.trim.sam B_psygmophilum_sequenceID_to_isogroup.tab aligner=bowtie2 >Cool-1.fastq.trim.sam.counts
samcount.pl Heat-3.fastq.trim.sam B_psygmophilum_sequenceID_to_isogroup.tab aligner=bowtie2 >Heat-3.fastq.trim.sam.counts
samcount.pl Cool-4.fastq.trim.sam B_psygmophilum_sequenceID_to_isogroup.tab aligner=bowtie2 >Cool-4.fastq.trim.sam.counts
samcount.pl Control-3-1.fastq.trim.sam B_psygmophilum_sequenceID_to_isogroup.tab aligner=bowtie2 >Control-3-1.fastq.trim.sam.counts
samcount.pl Control-4.fastq.trim.sam B_psygmophilum_sequenceID_to_isogroup.tab aligner=bowtie2 >Control-4.fastq.trim.sam.counts
samcount.pl Heat-4-1.fastq.trim.sam B_psygmophilum_sequenceID_to_isogroup.tab aligner=bowtie2 >Heat-4-1.fastq.trim.sam.counts
samcount.pl Control-1-1.fastq.trim.sam B_psygmophilum_sequenceID_to_isogroup.tab aligner=bowtie2 >Control-1-1.fastq.trim.sam.counts
samcount.pl Control-2-1.fastq.trim.sam B_psygmophilum_sequenceID_to_isogroup.tab aligner=bowtie2 >Control-2-1.fastq.trim.sam.counts
samcount.pl Heat-4.fastq.trim.sam B_psygmophilum_sequenceID_to_isogroup.tab aligner=bowtie2 >Heat-4.fastq.trim.sam.counts
samcount.pl Heat-2-1.fastq.trim.sam B_psygmophilum_sequenceID_to_isogroup.tab aligner=bowtie2 >Heat-2-1.fastq.trim.sam.counts
samcount.pl Control-2.fastq.trim.sam B_psygmophilum_sequenceID_to_isogroup.tab aligner=bowtie2 >Control-2.fastq.trim.sam.counts
samcount.pl Control-3.fastq.trim.sam B_psygmophilum_sequenceID_to_isogroup.tab aligner=bowtie2 >Control-3.fastq.trim.sam.counts
samcount.pl Control-1.fastq.trim.sam B_psygmophilum_sequenceID_to_isogroup.tab aligner=bowtie2 >Control-1.fastq.trim.sam.counts
samcount.pl Heat-3-1.fastq.trim.sam B_psygmophilum_sequenceID_to_isogroup.tab aligner=bowtie2 >Heat-3-1.fastq.trim.sam.counts
samcount.pl Cool-3.fastq.trim.sam B_psygmophilum_sequenceID_to_isogroup.tab aligner=bowtie2 >Cool-3.fastq.trim.sam.counts

[ahuzar@scc1 sym_fastqs]$ qsub sc

#nano sc.e(tab complete)
disregarding reads mapping to multiple isogroups
disregarding reads mapping to multiple isogroups
disregarding reads mapping to multiple isogroups
disregarding reads mapping to multiple isogroups
disregarding reads mapping to multiple isogroups
disregarding reads mapping to multiple isogroups
disregarding reads mapping to multiple isogroups
disregarding reads mapping to multiple isogroups
disregarding reads mapping to multiple isogroups
disregarding reads mapping to multiple isogroups
disregarding reads mapping to multiple isogroups
disregarding reads mapping to multiple isogroups
disregarding reads mapping to multiple isogroups
disregarding reads mapping to multiple isogroups
disregarding reads mapping to multiple isogroups
disregarding reads mapping to multiple isogroups
disregarding reads mapping to multiple isogroups
disregarding reads mapping to multiple isogroups
disregarding reads mapping to multiple isogroups
disregarding reads mapping to multiple isogroups

###now you have individual counts files for each of your samples. Let's compile them into a single table!

# assembling all counts into a single table:
cp /projectnb/bi594/daviessw/gene_expression/data_scripts/expression_compiler.pl .

expression_compiler.pl *.sam.counts > B_psygmophilum_counts.txt

head B_psygmophilum_counts.txt

# DONE! use your favorite R packaged (DESeq2) to make sense of the counts.